../Core/Src/main.c:124:6:Light_LED	8	static
../Core/Src/main.c:152:6:Tf_LED	8	static
../Core/Src/main.c:160:6:Menu_Display	32	static
../Core/Src/main.c:176:5:main	8	static
../Core/Src/main.c:275:6:SystemClock_Config	88	static
../Core/Src/main.c:322:13:MX_ADC1_Init	24	static
../Core/Src/main.c:369:13:MX_USART2_UART_Init	8	static
../Core/Src/main.c:402:13:MX_GPIO_Init	40	static
../Core/Src/main.c:458:6:StartDefaultTask	16	static
../Core/Src/main.c:477:6:pickButton	16	static
../Core/Src/main.c:509:6:getADC	16	static
../Core/Src/main.c:536:6:lampu	16	static
../Core/Src/main.c:560:6:dispUART	40	static
../Core/Src/main.c:615:6:HAL_TIM_PeriodElapsedCallback	16	static
../Core/Src/main.c:632:6:Error_Handler	4	static,ignoring_inline_asm
